[2026-04-12T19:08:36.538Z] {"timestamp":1776020914520,"level":"DEBUG","args":["[Manus] Debug collector initialized (no rrweb, UI events only)"],"stack":null}
[2026-04-12T19:08:36.538Z] {"timestamp":1776020914551,"level":"DEBUG","args":["[vite] connected."],"stack":null}
[2026-04-12T19:08:38.795Z] {"timestamp":1776020916607,"level":"INFO","args":["%cDownload the React DevTools for a better development experience: https://react.dev/link/react-devtools","font-weight:bold"],"stack":null}
[2026-04-12T19:13:11.608Z] {"timestamp":1776020926270,"level":"LOG","args":["[vite] server connection lost. Polling for restart..."],"stack":null}
[2026-04-12T19:13:30.135Z] {"timestamp":1776021208399,"level":"DEBUG","args":["[Manus] Debug collector initialized (no rrweb, UI events only)"],"stack":null}
[2026-04-12T19:13:30.135Z] {"timestamp":1776021208986,"level":"DEBUG","args":["[vite] connected."],"stack":null}
[2026-04-12T19:13:30.135Z] {"timestamp":1776021209248,"level":"INFO","args":["%cDownload the React DevTools for a better development experience: https://react.dev/link/react-devtools","font-weight:bold"],"stack":null}
[2026-04-12T19:14:22.562Z] {"timestamp":1776021259861,"level":"DEBUG","args":["[Manus] Debug collector initialized (no rrweb, UI events only)"],"stack":null}
[2026-04-12T19:14:22.562Z] {"timestamp":1776021259876,"level":"DEBUG","args":["[vite] connected."],"stack":null}
[2026-04-12T19:14:22.562Z] {"timestamp":1776021260306,"level":"INFO","args":["%cDownload the React DevTools for a better development experience: https://react.dev/link/react-devtools","font-weight:bold"],"stack":null}
[2026-04-12T19:15:19.986Z] {"timestamp":1776021319831,"level":"DEBUG","args":["[vite]","hot updated: /src/index.css"],"stack":null}
[2026-04-12T19:15:20.106Z] {"timestamp":1776021320160,"level":"DEBUG","args":["[vite]","hot updated: /src/index.css"],"stack":null}
[2026-04-12T19:15:31.749Z] {"timestamp":1776021330043,"level":"DEBUG","args":["[Manus] Debug collector initialized (no rrweb, UI events only)"],"stack":null}
[2026-04-12T19:15:31.749Z] {"timestamp":1776021330091,"level":"DEBUG","args":["[vite] connected."],"stack":null}
[2026-04-12T19:15:31.749Z] {"timestamp":1776021330265,"level":"INFO","args":["%cDownload the React DevTools for a better development experience: https://react.dev/link/react-devtools","font-weight:bold"],"stack":null}
[2026-04-12T19:26:20.297Z] {"timestamp":1776021979723,"level":"DEBUG","args":["[vite]","hot updated: /src/index.css"],"stack":null}
[2026-04-12T19:29:57.935Z] {"timestamp":1776022195878,"level":"DEBUG","args":["[vite]","hot updated: /src/index.css"],"stack":null}
[2026-04-12T19:32:11.407Z] {"timestamp":1776022331378,"level":"DEBUG","args":["[vite]","hot updated: /src/index.css"],"stack":null}
[2026-04-12T19:32:23.372Z] {"timestamp":1776022341802,"level":"DEBUG","args":["[Manus] Debug collector initialized (no rrweb, UI events only)"],"stack":null}
[2026-04-12T19:32:23.372Z] {"timestamp":1776022341870,"level":"DEBUG","args":["[vite] connected."],"stack":null}
[2026-04-12T19:32:23.372Z] {"timestamp":1776022342070,"level":"INFO","args":["%cDownload the React DevTools for a better development experience: https://react.dev/link/react-devtools","font-weight:bold"],"stack":null}
[2026-04-12T19:32:27.367Z] {"timestamp":1776022346957,"level":"DEBUG","args":["[vite]","hot updated: /src/index.css"],"stack":null}
[2026-04-12T19:32:27.701Z] {"timestamp":1776022346370,"level":"DEBUG","args":["[vite]","hot updated: /src/index.css"],"stack":null}
[2026-04-12T19:35:49.422Z] {"timestamp":1776022546978,"level":"DEBUG","args":["[vite]","hot updated: /src/index.css"],"stack":null}
[2026-04-12T19:35:49.422Z] {"timestamp":1776022546978,"level":"DEBUG","args":["[vite]","hot updated: /src/components/CharacterSheet.tsx"],"stack":null}
[2026-04-12T19:36:26.326Z] {"timestamp":1776022584768,"level":"DEBUG","args":["[Manus] Debug collector initialized (no rrweb, UI events only)"],"stack":null}
[2026-04-12T19:36:26.326Z] {"timestamp":1776022584838,"level":"DEBUG","args":["[vite] connected."],"stack":null}
[2026-04-12T19:36:26.326Z] {"timestamp":1776022585248,"level":"INFO","args":["%cDownload the React DevTools for a better development experience: https://react.dev/link/react-devtools","font-weight:bold"],"stack":null}
[2026-04-12T19:40:50.807Z] {"timestamp":1776022848442,"level":"DEBUG","args":["[vite]","hot updated: /src/index.css"],"stack":null}
[2026-04-12T19:40:50.807Z] {"timestamp":1776022848442,"level":"DEBUG","args":["[vite]","hot updated: /src/components/AttributeCircle.tsx"],"stack":null}
[2026-04-12T19:42:46.411Z] {"timestamp":1776022966277,"level":"DEBUG","args":["[vite]","hot updated: /src/index.css"],"stack":null}
[2026-04-12T19:42:46.411Z] {"timestamp":1776022966277,"level":"DEBUG","args":["[vite]","hot updated: /src/components/CharacterSheet.tsx"],"stack":null}
[2026-04-12T19:43:06.338Z] {"timestamp":1776022985653,"level":"DEBUG","args":["[vite]","hot updated: /src/index.css"],"stack":null}
[2026-04-12T19:43:06.338Z] {"timestamp":1776022985653,"level":"DEBUG","args":["[vite]","hot updated: /src/components/CharacterSheet.tsx"],"stack":null}
[2026-04-12T19:43:15.784Z] {"timestamp":1776022995775,"level":"DEBUG","args":["[vite]","hot updated: /src/index.css"],"stack":null}
[2026-04-12T19:43:15.784Z] {"timestamp":1776022995775,"level":"DEBUG","args":["[vite]","hot updated: /src/components/CharacterSheet.tsx"],"stack":null}
[2026-04-12T19:43:18.850Z] {"timestamp":1776022998855,"level":"DEBUG","args":["[vite]","hot updated: /src/index.css"],"stack":null}
[2026-04-12T19:43:18.850Z] {"timestamp":1776022998855,"level":"DEBUG","args":["[vite]","hot updated: /src/components/CharacterSheet.tsx"],"stack":null}
[2026-04-12T19:43:22.888Z] {"timestamp":1776023002891,"level":"DEBUG","args":["[vite]","hot updated: /src/index.css"],"stack":null}
[2026-04-12T19:43:22.888Z] {"timestamp":1776023002891,"level":"DEBUG","args":["[vite]","hot updated: /src/components/CharacterSheet.tsx"],"stack":null}
[2026-04-12T19:43:31.633Z] {"timestamp":1776023011639,"level":"DEBUG","args":["[vite]","hot updated: /src/index.css"],"stack":null}
[2026-04-12T19:43:31.633Z] {"timestamp":1776023011639,"level":"DEBUG","args":["[vite]","hot updated: /src/components/CharacterSheet.tsx"],"stack":null}
[2026-04-12T19:43:38.253Z] {"timestamp":1776023018257,"level":"DEBUG","args":["[vite]","hot updated: /src/index.css"],"stack":null}
[2026-04-12T19:43:38.253Z] {"timestamp":1776023018257,"level":"DEBUG","args":["[vite]","hot updated: /src/components/CharacterSheet.tsx"],"stack":null}
[2026-04-12T19:43:48.102Z] {"timestamp":1776023026049,"level":"DEBUG","args":["[vite]","hot updated: /src/index.css"],"stack":null}
[2026-04-12T19:43:48.102Z] {"timestamp":1776023026049,"level":"DEBUG","args":["[vite]","hot updated: /src/components/CharacterSheet.tsx"],"stack":null}
[2026-04-12T19:43:50.943Z] {"timestamp":1776023028900,"level":"DEBUG","args":["[vite]","hot updated: /src/index.css"],"stack":null}
[2026-04-12T19:43:50.943Z] {"timestamp":1776023028900,"level":"DEBUG","args":["[vite]","hot updated: /src/components/CharacterSheet.tsx"],"stack":null}
[2026-04-12T19:43:59.987Z] {"timestamp":1776023039983,"level":"DEBUG","args":["[vite]","hot updated: /src/index.css"],"stack":null}
[2026-04-12T19:43:59.987Z] {"timestamp":1776023039984,"level":"DEBUG","args":["[vite]","hot updated: /src/components/CharacterSheet.tsx"],"stack":null}
[2026-04-12T19:44:07.017Z] {"timestamp":1776023044991,"level":"DEBUG","args":["[vite]","hot updated: /src/index.css"],"stack":null}
[2026-04-12T19:44:07.017Z] {"timestamp":1776023044991,"level":"DEBUG","args":["[vite]","hot updated: /src/components/CharacterSheet.tsx"],"stack":null}
[2026-04-12T19:44:15.046Z] {"timestamp":1776023053014,"level":"DEBUG","args":["[vite]","hot updated: /src/index.css"],"stack":null}
[2026-04-12T19:44:15.046Z] {"timestamp":1776023053014,"level":"DEBUG","args":["[vite]","hot updated: /src/components/CharacterSheet.tsx"],"stack":null}
[2026-04-12T19:44:29.688Z] {"timestamp":1776023068226,"level":"DEBUG","args":["[Manus] Debug collector initialized (no rrweb, UI events only)"],"stack":null}
[2026-04-12T19:44:29.688Z] {"timestamp":1776023068271,"level":"DEBUG","args":["[vite] connected."],"stack":null}
[2026-04-12T19:44:29.688Z] {"timestamp":1776023068393,"level":"INFO","args":["%cDownload the React DevTools for a better development experience: https://react.dev/link/react-devtools","font-weight:bold"],"stack":null}
[2026-04-12T19:44:42.507Z] {"timestamp":1776023081048,"level":"DEBUG","args":["[Manus] Debug collector initialized (no rrweb, UI events only)"],"stack":null}
[2026-04-12T19:44:42.507Z] {"timestamp":1776023081102,"level":"DEBUG","args":["[vite] connected."],"stack":null}
[2026-04-12T19:44:42.507Z] {"timestamp":1776023081278,"level":"INFO","args":["%cDownload the React DevTools for a better development experience: https://react.dev/link/react-devtools","font-weight:bold"],"stack":null}
[2026-04-12T19:44:44.508Z] {"timestamp":1776023083289,"level":"ERROR","args":["In HTML, %s cannot be a descendant of <%s>.\nThis will cause a hydration error.%s","<button>","button","\n\n  ...\n    <ThemeProvider defaultTheme=\"dark\">\n      <TooltipProvider>\n        <TooltipProvider data-slot=\"tooltip-pr...\" delayDuration={0}>\n          <TooltipProviderProvider scope={undefined} isOpenDelayedRef={{current:true}} delayDuration={0} ...>\n            <Toaster>\n            <Router>\n              <Switch>\n                <Route path=\"/\" component={function Home} match={[...]}>\n                  <Home params={{}}>\n                    <CharacterSelect onSelectCharacter={function handleSelectCharacter}>\n                      <div style={{...}}>\n                        <div style={{maxWidth:\"...\", ...}}>\n                          <div>\n                          <div style={{display:\"grid\", ...}}>\n>                           <button\n>                             onClick={function onClick}\n>                             style={{padding:\"16px\",background:\"linear-gra...\",border:\"2px solid ...\",borderRadius:\"8px\",color:\"#4ADE80\", ...}}\n>                             onMouseEnter={function onMouseEnter}\n>                             onMouseLeave={function onMouseLeave}\n>                           >\n                              <div>\n>                             <button\n>                               onClick={function onClick}\n>                               style={{background:\"transparent\",border:\"none\",color:\"#ff6b6b\",cursor:\"pointer\",padding:\"8px\",display:\"flex\", ...}}\n>                               onMouseEnter={function onMouseEnter}\n>                               onMouseLeave={function onMouseLeave}\n>                               title=\"Deletar personagem\"\n>                             >\n                          ...\n"],"stack":"Error\n    at console.<computed> [as error] (http://192.168.3.15:3000/__manus__/debug-collector.js:391:37)\n    at validateDOMNesting (http://192.168.3.15:3000/@fs/C:/Users/Usuario/Downloads/ficha-rpg-main/ficha-rpg-main/node_modules/.vite/deps/react-dom_client.js?v=ef231bc0:2156:22)\n    at completeWork (http://192.168.3.15:3000/@fs/C:/Users/Usuario/Downloads/ficha-rpg-main/ficha-rpg-main/node_modules/.vite/deps/react-dom_client.js?v=ef231bc0:9002:17)\n    at runWithFiberInDEV (http://192.168.3.15:3000/@fs/C:/Users/Usuario/Downloads/ficha-rpg-main/ficha-rpg-main/node_modules/.vite/deps/react-dom_client.js?v=ef231bc0:997:72)\n    at completeUnitOfWork (http://192.168.3.15:3000/@fs/C:/Users/Usuario/Downloads/ficha-rpg-main/ficha-rpg-main/node_modules/.vite/deps/react-dom_client.js?v=ef231bc0:12669:22)\n    at performUnitOfWork (http://192.168.3.15:3000/@fs/C:/Users/Usuario/Downloads/ficha-rpg-main/ficha-rpg-main/node_modules/.vite/deps/react-dom_client.js?v=ef231bc0:12575:29)\n    at workLoopSync (http://192.168.3.15:3000/@fs/C:/Users/Usuario/Downloads/ficha-rpg-main/ficha-rpg-main/node_modules/.vite/deps/react-dom_client.js?v=ef231bc0:12424:43)\n    at renderRootSync (http://192.168.3.15:3000/@fs/C:/Users/Usuario/Downloads/ficha-rpg-main/ficha-rpg-main/node_modules/.vite/deps/react-dom_client.js?v=ef231bc0:12408:13)\n    at performWorkOnRoot (http://192.168.3.15:3000/@fs/C:/Users/Usuario/Downloads/ficha-rpg-main/ficha-rpg-main/node_modules/.vite/deps/react-dom_client.js?v=ef231bc0:11766:189)\n    at performWorkOnRootViaSchedulerTask (http://192.168.3.15:3000/@fs/C:/Users/Usuario/Downloads/ficha-rpg-main/ficha-rpg-main/node_modules/.vite/deps/react-dom_client.js?v=ef231bc0:13505:9)"}
[2026-04-12T19:51:24.222Z] {"timestamp":1776023482204,"level":"DEBUG","args":["[vite]","hot updated: /src/index.css"],"stack":null}
[2026-04-12T19:51:24.222Z] {"timestamp":1776023482204,"level":"DEBUG","args":["[vite]","hot updated: /src/components/CharacterSheet.tsx"],"stack":null}
[2026-04-12T19:51:48.665Z] {"timestamp":1776023506540,"level":"DEBUG","args":["[vite]","hot updated: /src/index.css"],"stack":null}
[2026-04-12T19:51:48.665Z] {"timestamp":1776023506540,"level":"DEBUG","args":["[vite]","hot updated: /src/components/CharacterSheet.tsx"],"stack":null}
[2026-04-12T19:52:08.487Z] {"timestamp":1776023527078,"level":"DEBUG","args":["[Manus] Debug collector initialized (no rrweb, UI events only)"],"stack":null}
[2026-04-12T19:52:08.487Z] {"timestamp":1776023527121,"level":"DEBUG","args":["[vite] connected."],"stack":null}
[2026-04-12T19:52:08.487Z] {"timestamp":1776023527297,"level":"INFO","args":["%cDownload the React DevTools for a better development experience: https://react.dev/link/react-devtools","font-weight:bold"],"stack":null}
[2026-04-12T19:52:12.655Z] {"timestamp":1776023531255,"level":"DEBUG","args":["[Manus] Debug collector initialized (no rrweb, UI events only)"],"stack":null}
[2026-04-12T19:52:12.655Z] {"timestamp":1776023531281,"level":"DEBUG","args":["[vite] connected."],"stack":null}
[2026-04-12T19:52:12.655Z] {"timestamp":1776023531348,"level":"INFO","args":["%cDownload the React DevTools for a better development experience: https://react.dev/link/react-devtools","font-weight:bold"],"stack":null}
[2026-04-12T19:57:06.512Z] {"timestamp":1776023626927,"level":"LOG","args":["[vite] server connection lost. Polling for restart..."],"stack":null}
[2026-04-12T19:57:09.879Z] {"timestamp":1776023828523,"level":"DEBUG","args":["[Manus] Debug collector initialized (no rrweb, UI events only)"],"stack":null}
[2026-04-12T19:57:09.879Z] {"timestamp":1776023828533,"level":"DEBUG","args":["[vite] connected."],"stack":null}
[2026-04-12T19:57:09.879Z] {"timestamp":1776023828698,"level":"INFO","args":["%cDownload the React DevTools for a better development experience: https://react.dev/link/react-devtools","font-weight:bold"],"stack":null}
[2026-04-12T21:44:18.128Z] {"timestamp":1776030257636,"level":"DEBUG","args":["[Manus] Debug collector initialized (no rrweb, UI events only)"],"stack":null}
[2026-04-12T21:44:18.128Z] {"timestamp":1776030257888,"level":"INFO","args":["%cDownload the React DevTools for a better development experience: https://react.dev/link/react-devtools","font-weight:bold"],"stack":null}
[2026-04-12T21:44:18.128Z] {"timestamp":1776030258613,"level":"ERROR","args":["[vite] failed to connect to websocket.\nyour current setup:\n  (browser) 192.168.3.15:3000/ <--[HTTP]--> localhost:3000/ (server)\n  (browser) 192.168.3.15:3000/ <--[WebSocket (failing)]--> localhost:3000/ (server)\nCheck out your Vite / network configuration and https://vite.dev/config/server-options.html#server-hmr ."],"stack":"Error\n    at console.error (http://192.168.3.15:3000/__manus__/debug-collector.js:391:37)\n    at Object.connect (http://192.168.3.15:3000/@vite/client:765:16)\n    at async Object.connect (http://192.168.3.15:3000/@vite/client:381:5)"}
[2026-04-12T21:44:22.217Z] {"timestamp":1776030263748,"level":"ERROR","args":["In HTML, %s cannot be a descendant of <%s>.\nThis will cause a hydration error.%s","<button>","button","\n\n  ...\n    <ThemeProvider defaultTheme=\"dark\">\n      <TooltipProvider>\n        <TooltipProvider data-slot=\"tooltip-pr...\" delayDuration={0}>\n          <TooltipProviderProvider scope={undefined} isOpenDelayedRef={{current:true}} delayDuration={0} ...>\n            <Toaster>\n            <Router>\n              <Switch>\n                <Route path=\"/\" component={function Home} match={[...]}>\n                  <Home params={{}}>\n                    <CharacterSelect onSelectCharacter={function handleSelectCharacter}>\n                      <div style={{...}}>\n                        <div style={{maxWidth:\"...\", ...}}>\n                          <div>\n                          <div style={{display:\"grid\", ...}}>\n>                           <button\n>                             onClick={function onClick}\n>                             style={{padding:\"16px\",background:\"linear-gra...\",border:\"2px solid ...\",borderRadius:\"8px\",color:\"#4ADE80\", ...}}\n>                             onMouseEnter={function onMouseEnter}\n>                             onMouseLeave={function onMouseLeave}\n>                           >\n                              <div>\n>                             <button\n>                               onClick={function onClick}\n>                               style={{background:\"transparent\",border:\"none\",color:\"#ff6b6b\",cursor:\"pointer\",padding:\"8px\",display:\"flex\", ...}}\n>                               onMouseEnter={function onMouseEnter}\n>                               onMouseLeave={function onMouseLeave}\n>                               title=\"Deletar personagem\"\n>                             >\n                          ...\n"],"stack":"Error\n    at console.error (http://192.168.3.15:3000/__manus__/debug-collector.js:391:37)\n    at validateDOMNesting (http://192.168.3.15:3000/@fs/C:/Users/Usuario/Downloads/ficha-rpg-main/ficha-rpg-main/node_modules/.vite/deps/react-dom_client.js?v=ef231bc0:2156:22)\n    at completeWork (http://192.168.3.15:3000/@fs/C:/Users/Usuario/Downloads/ficha-rpg-main/ficha-rpg-main/node_modules/.vite/deps/react-dom_client.js?v=ef231bc0:9002:17)\n    at runWithFiberInDEV (http://192.168.3.15:3000/@fs/C:/Users/Usuario/Downloads/ficha-rpg-main/ficha-rpg-main/node_modules/.vite/deps/react-dom_client.js?v=ef231bc0:997:72)\n    at completeUnitOfWork (http://192.168.3.15:3000/@fs/C:/Users/Usuario/Downloads/ficha-rpg-main/ficha-rpg-main/node_modules/.vite/deps/react-dom_client.js?v=ef231bc0:12669:22)\n    at performUnitOfWork (http://192.168.3.15:3000/@fs/C:/Users/Usuario/Downloads/ficha-rpg-main/ficha-rpg-main/node_modules/.vite/deps/react-dom_client.js?v=ef231bc0:12575:29)\n    at workLoopSync (http://192.168.3.15:3000/@fs/C:/Users/Usuario/Downloads/ficha-rpg-main/ficha-rpg-main/node_modules/.vite/deps/react-dom_client.js?v=ef231bc0:12424:43)\n    at renderRootSync (http://192.168.3.15:3000/@fs/C:/Users/Usuario/Downloads/ficha-rpg-main/ficha-rpg-main/node_modules/.vite/deps/react-dom_client.js?v=ef231bc0:12408:13)\n    at performWorkOnRoot (http://192.168.3.15:3000/@fs/C:/Users/Usuario/Downloads/ficha-rpg-main/ficha-rpg-main/node_modules/.vite/deps/react-dom_client.js?v=ef231bc0:11766:189)\n    at performWorkOnRootViaSchedulerTask (http://192.168.3.15:3000/@fs/C:/Users/Usuario/Downloads/ficha-rpg-main/ficha-rpg-main/node_modules/.vite/deps/react-dom_client.js?v=ef231bc0:13505:9)"}
[2026-04-12T21:44:27.648Z] {"timestamp":1776024338415,"level":"LOG","args":["[vite] server connection lost. Polling for restart..."],"stack":null}
[2026-04-12T21:44:36.667Z] {"timestamp":1776030267511,"level":"DEBUG","args":["[Manus] Debug collector initialized (no rrweb, UI events only)"],"stack":null}
[2026-04-12T21:44:36.667Z] {"timestamp":1776030267569,"level":"DEBUG","args":["[vite] connected."],"stack":null}
[2026-04-12T21:44:37.959Z] {"timestamp":1776030278301,"level":"INFO","args":["%cDownload the React DevTools for a better development experience: https://react.dev/link/react-devtools","font-weight:bold"],"stack":null}
[2026-04-12T21:45:02.866Z] {"timestamp":1776030300856,"level":"DEBUG","args":["[Manus] Debug collector initialized (no rrweb, UI events only)"],"stack":null}
[2026-04-12T21:45:02.866Z] {"timestamp":1776030301018,"level":"DEBUG","args":["[vite] connected."],"stack":null}
[2026-04-12T21:45:02.866Z] {"timestamp":1776030301092,"level":"INFO","args":["%cDownload the React DevTools for a better development experience: https://react.dev/link/react-devtools","font-weight:bold"],"stack":null}
[2026-04-12T21:49:17.930Z] {"timestamp":1776030556025,"level":"DEBUG","args":["[vite]","hot updated: /src/index.css"],"stack":null}
[2026-04-12T21:49:29.413Z] {"timestamp":1776030569007,"level":"DEBUG","args":["[Manus] Debug collector initialized (no rrweb, UI events only)"],"stack":null}
[2026-04-12T21:49:29.413Z] {"timestamp":1776030569212,"level":"INFO","args":["%cDownload the React DevTools for a better development experience: https://react.dev/link/react-devtools","font-weight:bold"],"stack":null}
[2026-04-12T21:49:29.413Z] {"timestamp":1776030569488,"level":"DEBUG","args":["[vite] connected."],"stack":null}
[2026-04-12T21:51:01.402Z] {"timestamp":1776030659155,"level":"DEBUG","args":["[Manus] Debug collector initialized (no rrweb, UI events only)"],"stack":null}
[2026-04-12T21:51:01.402Z] {"timestamp":1776030659169,"level":"DEBUG","args":["[vite] connected."],"stack":null}
[2026-04-12T21:51:01.402Z] {"timestamp":1776030659179,"level":"INFO","args":["%cDownload the React DevTools for a better development experience: https://react.dev/link/react-devtools","font-weight:bold"],"stack":null}
[2026-04-12T21:53:44.616Z] {"timestamp":1776030822536,"level":"DEBUG","args":["[Manus] Debug collector initialized (no rrweb, UI events only)"],"stack":null}
[2026-04-12T21:53:44.616Z] {"timestamp":1776030822547,"level":"INFO","args":["%cDownload the React DevTools for a better development experience: https://react.dev/link/react-devtools","font-weight:bold"],"stack":null}
[2026-04-12T21:53:44.616Z] {"timestamp":1776030822615,"level":"DEBUG","args":["[vite] connected."],"stack":null}
[2026-04-12T21:54:33.723Z] {"timestamp":1776030872855,"level":"ERROR","args":["[vite]",{"type":"Error","message":"The requested module 'http://localhost:3000/src/components/CharacterSheet.tsx' doesn't provide an export named: 'default'","stack":""}],"stack":"console[method]@http://localhost:3000/__manus__/debug-collector.js:391:37\nerror@http://localhost:3000/@vite/client:809:26\nwarnFailedUpdate@http://localhost:3000/@vite/client:180:78\nfetchUpdate@http://localhost:3000/@vite/client:212:10\n"}
[2026-04-12T21:54:33.723Z] {"timestamp":1776030872872,"level":"ERROR","args":["[vite]","Failed to reload /src/App.tsx. This could be due to syntax errors or importing non-existent modules. (see errors above)"],"stack":"console[method]@http://localhost:3000/__manus__/debug-collector.js:391:37\nerror@http://localhost:3000/@vite/client:809:26\nwarnFailedUpdate@http://localhost:3000/@vite/client:181:15\nfetchUpdate@http://localhost:3000/@vite/client:212:10\n"}
[2026-04-12T21:54:33.723Z] {"timestamp":1776030872872,"level":"DEBUG","args":["[vite]","hot updated: /src/App.tsx"],"stack":null}
[2026-04-12T21:54:40.878Z] {"timestamp":1776030878559,"level":"DEBUG","args":["[vite]","hot updated: /src/App.tsx"],"stack":null}
[2026-04-12T21:56:02.464Z] {"timestamp":1776030962457,"level":"DEBUG","args":["[vite]","hot updated: /src/components/Login.tsx"],"stack":null}
[2026-04-12T22:00:34.297Z] {"timestamp":1776031233560,"level":"ERROR","args":["[vite]",{"type":"Error","message":"The requested module 'http://localhost:3000/src/components/CharacterSheet.tsx' doesn't provide an export named: 'default'","stack":""}],"stack":"console[method]@http://localhost:3000/__manus__/debug-collector.js:391:37\nerror@http://localhost:3000/@vite/client:809:26\nwarnFailedUpdate@http://localhost:3000/@vite/client:180:78\nfetchUpdate@http://localhost:3000/@vite/client:212:10\n"}
[2026-04-12T22:00:34.297Z] {"timestamp":1776031233560,"level":"ERROR","args":["[vite]","Failed to reload /src/App.tsx. This could be due to syntax errors or importing non-existent modules. (see errors above)"],"stack":"console[method]@http://localhost:3000/__manus__/debug-collector.js:391:37\nerror@http://localhost:3000/@vite/client:809:26\nwarnFailedUpdate@http://localhost:3000/@vite/client:181:15\nfetchUpdate@http://localhost:3000/@vite/client:212:10\n"}
[2026-04-12T22:00:34.297Z] {"timestamp":1776031233561,"level":"DEBUG","args":["[vite]","hot updated: /src/App.tsx"],"stack":null}
[2026-04-12T22:00:38.343Z] {"timestamp":1776031237697,"level":"ERROR","args":["[vite]",{"type":"Error","message":"The requested module 'http://localhost:3000/src/components/CharacterSheet.tsx' doesn't provide an export named: 'default'","stack":""}],"stack":"console[method]@http://localhost:3000/__manus__/debug-collector.js:391:37\nerror@http://localhost:3000/@vite/client:809:26\nwarnFailedUpdate@http://localhost:3000/@vite/client:180:78\nfetchUpdate@http://localhost:3000/@vite/client:212:10\n"}
[2026-04-12T22:00:38.343Z] {"timestamp":1776031237697,"level":"ERROR","args":["[vite]","Failed to reload /src/App.tsx. This could be due to syntax errors or importing non-existent modules. (see errors above)"],"stack":"console[method]@http://localhost:3000/__manus__/debug-collector.js:391:37\nerror@http://localhost:3000/@vite/client:809:26\nwarnFailedUpdate@http://localhost:3000/@vite/client:181:15\nfetchUpdate@http://localhost:3000/@vite/client:212:10\n"}
[2026-04-12T22:00:38.343Z] {"timestamp":1776031237697,"level":"DEBUG","args":["[vite]","hot updated: /src/App.tsx"],"stack":null}
[2026-04-12T22:00:40.341Z] {"timestamp":1776031239680,"level":"ERROR","args":["[vite]",{"type":"Error","message":"The requested module 'http://localhost:3000/src/components/CharacterSheet.tsx' doesn't provide an export named: 'default'","stack":""}],"stack":"console[method]@http://localhost:3000/__manus__/debug-collector.js:391:37\nerror@http://localhost:3000/@vite/client:809:26\nwarnFailedUpdate@http://localhost:3000/@vite/client:180:78\nfetchUpdate@http://localhost:3000/@vite/client:212:10\n"}
[2026-04-12T22:00:40.341Z] {"timestamp":1776031239680,"level":"ERROR","args":["[vite]","Failed to reload /src/App.tsx. This could be due to syntax errors or importing non-existent modules. (see errors above)"],"stack":"console[method]@http://localhost:3000/__manus__/debug-collector.js:391:37\nerror@http://localhost:3000/@vite/client:809:26\nwarnFailedUpdate@http://localhost:3000/@vite/client:181:15\nfetchUpdate@http://localhost:3000/@vite/client:212:10\n"}
[2026-04-12T22:00:40.341Z] {"timestamp":1776031239680,"level":"DEBUG","args":["[vite]","hot updated: /src/App.tsx"],"stack":null}
[2026-04-12T22:00:42.663Z] {"timestamp":1776031240515,"level":"ERROR","args":["[vite]",{"type":"Error","message":"The requested module 'http://localhost:3000/src/components/CharacterSheet.tsx' doesn't provide an export named: 'default'","stack":""}],"stack":"console[method]@http://localhost:3000/__manus__/debug-collector.js:391:37\nerror@http://localhost:3000/@vite/client:809:26\nwarnFailedUpdate@http://localhost:3000/@vite/client:180:78\nfetchUpdate@http://localhost:3000/@vite/client:212:10\n"}
[2026-04-12T22:00:42.663Z] {"timestamp":1776031240515,"level":"ERROR","args":["[vite]","Failed to reload /src/App.tsx. This could be due to syntax errors or importing non-existent modules. (see errors above)"],"stack":"console[method]@http://localhost:3000/__manus__/debug-collector.js:391:37\nerror@http://localhost:3000/@vite/client:809:26\nwarnFailedUpdate@http://localhost:3000/@vite/client:181:15\nfetchUpdate@http://localhost:3000/@vite/client:212:10\n"}
[2026-04-12T22:00:42.663Z] {"timestamp":1776031240516,"level":"DEBUG","args":["[vite]","hot updated: /src/App.tsx"],"stack":null}
[2026-04-12T22:00:44.762Z] {"timestamp":1776031242697,"level":"ERROR","args":["[vite]",{"type":"Error","message":"The requested module 'http://localhost:3000/src/components/CharacterSheet.tsx' doesn't provide an export named: 'default'","stack":""}],"stack":"console[method]@http://localhost:3000/__manus__/debug-collector.js:391:37\nerror@http://localhost:3000/@vite/client:809:26\nwarnFailedUpdate@http://localhost:3000/@vite/client:180:78\nfetchUpdate@http://localhost:3000/@vite/client:212:10\n"}
[2026-04-12T22:00:44.762Z] {"timestamp":1776031242698,"level":"ERROR","args":["[vite]","Failed to reload /src/App.tsx. This could be due to syntax errors or importing non-existent modules. (see errors above)"],"stack":"console[method]@http://localhost:3000/__manus__/debug-collector.js:391:37\nerror@http://localhost:3000/@vite/client:809:26\nwarnFailedUpdate@http://localhost:3000/@vite/client:181:15\nfetchUpdate@http://localhost:3000/@vite/client:212:10\n"}
[2026-04-12T22:00:44.762Z] {"timestamp":1776031242698,"level":"DEBUG","args":["[vite]","hot updated: /src/App.tsx"],"stack":null}
[2026-04-12T22:00:44.762Z] {"timestamp":1776031242711,"level":"ERROR","args":["[vite]",{"type":"Error","message":"The requested module 'http://localhost:3000/src/components/CharacterSheet.tsx' doesn't provide an export named: 'default'","stack":""}],"stack":"console[method]@http://localhost:3000/__manus__/debug-collector.js:391:37\nerror@http://localhost:3000/@vite/client:809:26\nwarnFailedUpdate@http://localhost:3000/@vite/client:180:78\nfetchUpdate@http://localhost:3000/@vite/client:212:10\n"}
[2026-04-12T22:00:44.762Z] {"timestamp":1776031242711,"level":"ERROR","args":["[vite]","Failed to reload /src/App.tsx. This could be due to syntax errors or importing non-existent modules. (see errors above)"],"stack":"console[method]@http://localhost:3000/__manus__/debug-collector.js:391:37\nerror@http://localhost:3000/@vite/client:809:26\nwarnFailedUpdate@http://localhost:3000/@vite/client:181:15\nfetchUpdate@http://localhost:3000/@vite/client:212:10\n"}
[2026-04-12T22:00:44.762Z] {"timestamp":1776031242712,"level":"DEBUG","args":["[vite]","hot updated: /src/App.tsx"],"stack":null}
[2026-04-12T22:00:44.762Z] {"timestamp":1776031243929,"level":"ERROR","args":["[vite]",{"type":"Error","message":"The requested module 'http://localhost:3000/src/components/CharacterSheet.tsx' doesn't provide an export named: 'default'","stack":""}],"stack":"console[method]@http://localhost:3000/__manus__/debug-collector.js:391:37\nerror@http://localhost:3000/@vite/client:809:26\nwarnFailedUpdate@http://localhost:3000/@vite/client:180:78\nfetchUpdate@http://localhost:3000/@vite/client:212:10\n"}
[2026-04-12T22:00:44.762Z] {"timestamp":1776031243929,"level":"ERROR","args":["[vite]","Failed to reload /src/App.tsx. This could be due to syntax errors or importing non-existent modules. (see errors above)"],"stack":"console[method]@http://localhost:3000/__manus__/debug-collector.js:391:37\nerror@http://localhost:3000/@vite/client:809:26\nwarnFailedUpdate@http://localhost:3000/@vite/client:181:15\nfetchUpdate@http://localhost:3000/@vite/client:212:10\n"}
[2026-04-12T22:00:44.762Z] {"timestamp":1776031243929,"level":"DEBUG","args":["[vite]","hot updated: /src/App.tsx"],"stack":null}
[2026-04-12T22:00:44.762Z] {"timestamp":1776031244181,"level":"ERROR","args":["[vite]",{"type":"Error","message":"The requested module 'http://localhost:3000/src/components/CharacterSheet.tsx' doesn't provide an export named: 'default'","stack":""}],"stack":"console[method]@http://localhost:3000/__manus__/debug-collector.js:391:37\nerror@http://localhost:3000/@vite/client:809:26\nwarnFailedUpdate@http://localhost:3000/@vite/client:180:78\nfetchUpdate@http://localhost:3000/@vite/client:212:10\n"}
[2026-04-12T22:00:44.762Z] {"timestamp":1776031244181,"level":"ERROR","args":["[vite]","Failed to reload /src/App.tsx. This could be due to syntax errors or importing non-existent modules. (see errors above)"],"stack":"console[method]@http://localhost:3000/__manus__/debug-collector.js:391:37\nerror@http://localhost:3000/@vite/client:809:26\nwarnFailedUpdate@http://localhost:3000/@vite/client:181:15\nfetchUpdate@http://localhost:3000/@vite/client:212:10\n"}
[2026-04-12T22:00:44.762Z] {"timestamp":1776031244181,"level":"DEBUG","args":["[vite]","hot updated: /src/App.tsx"],"stack":null}
[2026-04-12T22:00:46.784Z] {"timestamp":1776031246418,"level":"ERROR","args":["[vite]",{"type":"Error","message":"The requested module 'http://localhost:3000/src/components/CharacterSheet.tsx' doesn't provide an export named: 'default'","stack":""}],"stack":"console[method]@http://localhost:3000/__manus__/debug-collector.js:391:37\nerror@http://localhost:3000/@vite/client:809:26\nwarnFailedUpdate@http://localhost:3000/@vite/client:180:78\nfetchUpdate@http://localhost:3000/@vite/client:212:10\n"}
[2026-04-12T22:00:46.784Z] {"timestamp":1776031246419,"level":"ERROR","args":["[vite]","Failed to reload /src/App.tsx. This could be due to syntax errors or importing non-existent modules. (see errors above)"],"stack":"console[method]@http://localhost:3000/__manus__/debug-collector.js:391:37\nerror@http://localhost:3000/@vite/client:809:26\nwarnFailedUpdate@http://localhost:3000/@vite/client:181:15\nfetchUpdate@http://localhost:3000/@vite/client:212:10\n"}
[2026-04-12T22:00:46.784Z] {"timestamp":1776031246419,"level":"DEBUG","args":["[vite]","hot updated: /src/App.tsx"],"stack":null}
[2026-04-12T22:00:46.784Z] {"timestamp":1776031246668,"level":"ERROR","args":["[vite]",{"type":"Error","message":"The requested module 'http://localhost:3000/src/components/CharacterSheet.tsx' doesn't provide an export named: 'default'","stack":""}],"stack":"console[method]@http://localhost:3000/__manus__/debug-collector.js:391:37\nerror@http://localhost:3000/@vite/client:809:26\nwarnFailedUpdate@http://localhost:3000/@vite/client:180:78\nfetchUpdate@http://localhost:3000/@vite/client:212:10\n"}
[2026-04-12T22:00:46.784Z] {"timestamp":1776031246668,"level":"ERROR","args":["[vite]","Failed to reload /src/App.tsx. This could be due to syntax errors or importing non-existent modules. (see errors above)"],"stack":"console[method]@http://localhost:3000/__manus__/debug-collector.js:391:37\nerror@http://localhost:3000/@vite/client:809:26\nwarnFailedUpdate@http://localhost:3000/@vite/client:181:15\nfetchUpdate@http://localhost:3000/@vite/client:212:10\n"}
[2026-04-12T22:00:46.784Z] {"timestamp":1776031246668,"level":"DEBUG","args":["[vite]","hot updated: /src/App.tsx"],"stack":null}
[2026-04-12T22:00:48.844Z] {"timestamp":1776031246898,"level":"ERROR","args":["[vite]",{"type":"Error","message":"The requested module 'http://localhost:3000/src/components/CharacterSheet.tsx' doesn't provide an export named: 'default'","stack":""}],"stack":"console[method]@http://localhost:3000/__manus__/debug-collector.js:391:37\nerror@http://localhost:3000/@vite/client:809:26\nwarnFailedUpdate@http://localhost:3000/@vite/client:180:78\nfetchUpdate@http://localhost:3000/@vite/client:212:10\n"}
[2026-04-12T22:00:48.844Z] {"timestamp":1776031246899,"level":"ERROR","args":["[vite]","Failed to reload /src/App.tsx. This could be due to syntax errors or importing non-existent modules. (see errors above)"],"stack":"console[method]@http://localhost:3000/__manus__/debug-collector.js:391:37\nerror@http://localhost:3000/@vite/client:809:26\nwarnFailedUpdate@http://localhost:3000/@vite/client:181:15\nfetchUpdate@http://localhost:3000/@vite/client:212:10\n"}
[2026-04-12T22:00:48.844Z] {"timestamp":1776031246899,"level":"DEBUG","args":["[vite]","hot updated: /src/App.tsx"],"stack":null}
[2026-04-12T22:01:06.620Z] {"timestamp":1776031264437,"level":"DEBUG","args":["[vite]","invalidate /src/components/CharacterSheet.tsx: Could not Fast Refresh (export removed)"],"stack":null}
[2026-04-12T22:01:06.620Z] {"timestamp":1776031264437,"level":"DEBUG","args":["[vite]","hot updated: /src/components/CharacterSheet.tsx"],"stack":null}
[2026-04-12T22:01:06.620Z] {"timestamp":1776031264456,"level":"DEBUG","args":["[vite]","hot updated: /src/components/CharacterSheet.tsx"],"stack":null}
[2026-04-12T22:01:06.620Z] {"timestamp":1776031264523,"level":"DEBUG","args":["[vite]","hot updated: /src/App.tsx"],"stack":null}
[2026-04-12T22:14:10.261Z] {"timestamp":1776032048256,"level":"DEBUG","args":["[Manus] Debug collector initialized (no rrweb, UI events only)"],"stack":null}
[2026-04-12T22:14:10.261Z] {"timestamp":1776032048370,"level":"DEBUG","args":["[vite] connected."],"stack":null}
[2026-04-12T22:14:10.261Z] {"timestamp":1776032049943,"level":"INFO","args":["%cDownload the React DevTools for a better development experience: https://react.dev/link/react-devtools","font-weight:bold"],"stack":null}
[2026-04-12T22:14:41.854Z] {"timestamp":1776032079843,"level":"DEBUG","args":["[Manus] Debug collector initialized (no rrweb, UI events only)"],"stack":null}
[2026-04-12T22:14:41.854Z] {"timestamp":1776032079965,"level":"DEBUG","args":["[vite] connected."],"stack":null}
[2026-04-12T22:14:41.854Z] {"timestamp":1776032080187,"level":"INFO","args":["%cDownload the React DevTools for a better development experience: https://react.dev/link/react-devtools","font-weight:bold"],"stack":null}
[2026-04-12T22:14:59.952Z] {"timestamp":1776032098005,"level":"ERROR","args":[{"type":"Error","message":"Firebase: Error (auth/configuration-not-found).","stack":"createErrorInternal@http://localhost:3000/@fs/C:/Users/Usuario/Downloads/ficha-rpg-main/ficha-rpg-main/node_modules/.vite/deps/firebase_auth.js?v=4f5536e5:697:37\n_fail@http://localhost:3000/@fs/C:/Users/Usuario/Downloads/ficha-rpg-main/ficha-rpg-main/node_modules/.vite/deps/firebase_auth.js?v=4f5536e5:659:9\n_performFetchWithErrorHandling@http://localhost:3000/@fs/C:/Users/Usuario/Downloads/ficha-rpg-main/ficha-rpg-main/node_modules/.vite/deps/firebase_auth.js?v=4f5536e5:1137:14\n"}],"stack":"console[method]@http://localhost:3000/__manus__/debug-collector.js:391:37\nhandleSubmit@http://localhost:3000/src/components/Login.tsx:56:15\n"}
[2026-04-12T22:15:48.577Z] {"timestamp":1776032146532,"level":"ERROR","args":[{"type":"Error","message":"Failed to get document because the client is offline.","stack":""}],"stack":"console[method]@http://localhost:3000/__manus__/debug-collector.js:391:37\nhandleSubmit@http://localhost:3000/src/components/Login.tsx:56:15\n"}
[2026-04-12T22:17:22.054Z] {"timestamp":1776032240039,"level":"DEBUG","args":["[Manus] Debug collector initialized (no rrweb, UI events only)"],"stack":null}
[2026-04-12T22:17:22.054Z] {"timestamp":1776032240060,"level":"INFO","args":["%cDownload the React DevTools for a better development experience: https://react.dev/link/react-devtools","font-weight:bold"],"stack":null}
[2026-04-12T22:17:22.054Z] {"timestamp":1776032240108,"level":"DEBUG","args":["[vite] connected."],"stack":null}
[2026-04-12T22:17:34.107Z] {"timestamp":1776032252941,"level":"ERROR","args":[{"type":"Error","message":"Firebase: Error (auth/invalid-credential).","stack":"createErrorInternal@http://localhost:3000/@fs/C:/Users/Usuario/Downloads/ficha-rpg-main/ficha-rpg-main/node_modules/.vite/deps/firebase_auth.js?v=4f5536e5:697:37\n_fail@http://localhost:3000/@fs/C:/Users/Usuario/Downloads/ficha-rpg-main/ficha-rpg-main/node_modules/.vite/deps/firebase_auth.js?v=4f5536e5:659:9\n_performFetchWithErrorHandling@http://localhost:3000/@fs/C:/Users/Usuario/Downloads/ficha-rpg-main/ficha-rpg-main/node_modules/.vite/deps/firebase_auth.js?v=4f5536e5:1137:14\n"}],"stack":"console[method]@http://localhost:3000/__manus__/debug-collector.js:391:37\nhandleSubmit@http://localhost:3000/src/components/Login.tsx:56:15\n"}
[2026-04-12T22:17:36.119Z] {"timestamp":1776032254974,"level":"ERROR","args":[{"type":"Error","message":"Firebase: Error (auth/invalid-credential).","stack":"createErrorInternal@http://localhost:3000/@fs/C:/Users/Usuario/Downloads/ficha-rpg-main/ficha-rpg-main/node_modules/.vite/deps/firebase_auth.js?v=4f5536e5:697:37\n_fail@http://localhost:3000/@fs/C:/Users/Usuario/Downloads/ficha-rpg-main/ficha-rpg-main/node_modules/.vite/deps/firebase_auth.js?v=4f5536e5:659:9\n_performFetchWithErrorHandling@http://localhost:3000/@fs/C:/Users/Usuario/Downloads/ficha-rpg-main/ficha-rpg-main/node_modules/.vite/deps/firebase_auth.js?v=4f5536e5:1137:14\n"}],"stack":"console[method]@http://localhost:3000/__manus__/debug-collector.js:391:37\nhandleSubmit@http://localhost:3000/src/components/Login.tsx:56:15\n"}
[2026-04-12T22:18:23.959Z] {"timestamp":1776032301909,"level":"ERROR","args":[{"type":"Error","message":"Failed to get document because the client is offline.","stack":""}],"stack":"console[method]@http://localhost:3000/__manus__/debug-collector.js:391:37\nhandleSubmit@http://localhost:3000/src/components/Login.tsx:56:15\n"}
[2026-04-12T22:18:30.971Z] {"timestamp":1776032310482,"level":"ERROR","args":[{"type":"Error","message":"Failed to get document because the client is offline.","stack":""}],"stack":"console[method]@http://localhost:3000/__manus__/debug-collector.js:391:37\nhandleSubmit@http://localhost:3000/src/components/Login.tsx:56:15\nasync*executeDispatch@http://localhost:3000/@fs/C:/Users/Usuario/Downloads/ficha-rpg-main/ficha-rpg-main/node_modules/.vite/deps/react-dom_client.js?v=912df71c:13622:19\nrunWithFiberInDEV@http://localhost:3000/@fs/C:/Users/Usuario/Downloads/ficha-rpg-main/ficha-rpg-main/node_modules/.vite/deps/react-dom_client.js?v=912df71c:999:15\nprocessDispatchQueue@http://localhost:3000/@fs/C:/Users/Usuario/Downloads/ficha-rpg-main/ficha-rpg-main/node_modules/.vite/deps/react-dom_client.js?v=912df71c:13658:37\nnode_modules/react-dom/cjs/react-dom-client.development.js/dispatchEventForPluginEventSystem/<@http://localhost:3000/@fs/C:/Users/Usuario/Downloads/ficha-rpg-main/ficha-rpg-main/node_modules/.vite/deps/react-dom_client.js?v=912df71c:14071:31\nbatchedUpdates$1@http://localhost:3000/@fs/C:/Users/Usuario/Downloads/ficha-rpg-main/ficha-rpg-main/node_modules/.vite/deps/react-dom_client.js?v=912df71c:2626:44\ndispatchEventForPluginEventSystem@http://localhost:3000/@fs/C:/Users/Usuario/Downloads/ficha-rpg-main/ficha-rpg-main/node_modules/.vite/deps/react-dom_client.js?v=912df71c:13763:25\ndispatchEvent@http://localhost:3000/@fs/C:/Users/Usuario/Downloads/ficha-rpg-main/ficha-rpg-main/node_modules/.vite/deps/react-dom_client.js?v=912df71c:16784:46\ndispatchDiscreteEvent@http://localhost:3000/@fs/C:/Users/Usuario/Downloads/ficha-rpg-main/ficha-rpg-main/node_modules/.vite/deps/react-dom_client.js?v=912df71c:16765:62\n"}
[2026-04-12T22:20:00.996Z] {"timestamp":1776032400895,"level":"LOG","args":["[vite] server connection lost. Polling for restart..."],"stack":null}
[2026-04-12T22:20:01.382Z] {"timestamp":1776032400906,"level":"LOG","args":["[vite] server connection lost. Polling for restart..."],"stack":null}
[2026-04-12T22:20:06.996Z] {"timestamp":1776032404682,"level":"DEBUG","args":["[Manus] Debug collector initialized (no rrweb, UI events only)"],"stack":null}
[2026-04-12T22:20:06.996Z] {"timestamp":1776032404688,"level":"INFO","args":["%cDownload the React DevTools for a better development experience: https://react.dev/link/react-devtools","font-weight:bold"],"stack":null}
[2026-04-12T22:20:06.996Z] {"timestamp":1776032404822,"level":"DEBUG","args":["[vite] connected."],"stack":null}
[2026-04-12T22:20:07.695Z] {"timestamp":1776032404990,"level":"DEBUG","args":["[Manus] Debug collector initialized (no rrweb, UI events only)"],"stack":null}
[2026-04-12T22:20:07.695Z] {"timestamp":1776032404996,"level":"INFO","args":["%cDownload the React DevTools for a better development experience: https://react.dev/link/react-devtools","font-weight:bold"],"stack":null}
[2026-04-12T22:20:07.695Z] {"timestamp":1776032405049,"level":"DEBUG","args":["[vite] connected."],"stack":null}
[2026-04-12T22:20:31.421Z] {"timestamp":1776032430753,"level":"LOG","args":["[vite] server connection lost. Polling for restart..."],"stack":null}
[2026-04-12T22:20:31.424Z] {"timestamp":1776032430738,"level":"LOG","args":["[vite] server connection lost. Polling for restart..."],"stack":null}
[2026-04-12T22:20:35.468Z] {"timestamp":1776032433441,"level":"DEBUG","args":["[Manus] Debug collector initialized (no rrweb, UI events only)"],"stack":null}
[2026-04-12T22:20:35.468Z] {"timestamp":1776032433548,"level":"DEBUG","args":["[vite] connected."],"stack":null}
[2026-04-12T22:20:35.468Z] {"timestamp":1776032433696,"level":"INFO","args":["%cDownload the React DevTools for a better development experience: https://react.dev/link/react-devtools","font-weight:bold"],"stack":null}
[2026-04-12T22:20:35.782Z] {"timestamp":1776032433449,"level":"DEBUG","args":["[Manus] Debug collector initialized (no rrweb, UI events only)"],"stack":null}
[2026-04-12T22:20:35.782Z] {"timestamp":1776032433688,"level":"INFO","args":["%cDownload the React DevTools for a better development experience: https://react.dev/link/react-devtools","font-weight:bold"],"stack":null}
[2026-04-12T22:20:35.782Z] {"timestamp":1776032433735,"level":"DEBUG","args":["[vite] connected."],"stack":null}
[2026-04-12T22:20:46.972Z] {"timestamp":1776032446592,"level":"LOG","args":["[vite] server connection lost. Polling for restart..."],"stack":null}
[2026-04-12T22:20:46.988Z] {"timestamp":1776032446429,"level":"LOG","args":["[vite] server connection lost. Polling for restart..."],"stack":null}
[2026-04-12T22:20:51.613Z] {"timestamp":1776032449094,"level":"DEBUG","args":["[Manus] Debug collector initialized (no rrweb, UI events only)"],"stack":null}
[2026-04-12T22:20:51.613Z] {"timestamp":1776032449245,"level":"DEBUG","args":["[vite] connected."],"stack":null}
[2026-04-12T22:20:51.613Z] {"timestamp":1776032449249,"level":"INFO","args":["%cDownload the React DevTools for a better development experience: https://react.dev/link/react-devtools","font-weight:bold"],"stack":null}
[2026-04-12T22:20:51.615Z] {"timestamp":1776032449155,"level":"DEBUG","args":["[Manus] Debug collector initialized (no rrweb, UI events only)"],"stack":null}
[2026-04-12T22:20:51.615Z] {"timestamp":1776032449298,"level":"DEBUG","args":["[vite] connected."],"stack":null}
[2026-04-12T22:20:51.615Z] {"timestamp":1776032449404,"level":"INFO","args":["%cDownload the React DevTools for a better development experience: https://react.dev/link/react-devtools","font-weight:bold"],"stack":null}
[2026-04-12T22:21:08.713Z] {"timestamp":1776032468607,"level":"LOG","args":["[vite] server connection lost. Polling for restart..."],"stack":null}
[2026-04-12T22:21:08.716Z] {"timestamp":1776032468624,"level":"LOG","args":["[vite] server connection lost. Polling for restart..."],"stack":null}
[2026-04-12T22:21:12.921Z] {"timestamp":1776032470818,"level":"DEBUG","args":["[Manus] Debug collector initialized (no rrweb, UI events only)"],"stack":null}
[2026-04-12T22:21:12.922Z] {"timestamp":1776032470820,"level":"INFO","args":["%cDownload the React DevTools for a better development experience: https://react.dev/link/react-devtools","font-weight:bold"],"stack":null}
[2026-04-12T22:21:12.922Z] {"timestamp":1776032470936,"level":"DEBUG","args":["[vite] connected."],"stack":null}
[2026-04-12T22:21:13.155Z] {"timestamp":1776032471017,"level":"DEBUG","args":["[Manus] Debug collector initialized (no rrweb, UI events only)"],"stack":null}
[2026-04-12T22:21:13.155Z] {"timestamp":1776032471040,"level":"DEBUG","args":["[vite] connected."],"stack":null}
[2026-04-12T22:21:13.155Z] {"timestamp":1776032471046,"level":"INFO","args":["%cDownload the React DevTools for a better development experience: https://react.dev/link/react-devtools","font-weight:bold"],"stack":null}
[2026-04-12T22:21:20.713Z] {"timestamp":1776032480209,"level":"LOG","args":["[vite] server connection lost. Polling for restart..."],"stack":null}
[2026-04-12T22:21:20.716Z] {"timestamp":1776032480212,"level":"LOG","args":["[vite] server connection lost. Polling for restart..."],"stack":null}
[2026-04-12T22:21:25.820Z] {"timestamp":1776032483288,"level":"DEBUG","args":["[Manus] Debug collector initialized (no rrweb, UI events only)"],"stack":null}
[2026-04-12T22:21:25.820Z] {"timestamp":1776032483352,"level":"DEBUG","args":["[vite] connected."],"stack":null}
[2026-04-12T22:21:25.820Z] {"timestamp":1776032483483,"level":"INFO","args":["%cDownload the React DevTools for a better development experience: https://react.dev/link/react-devtools","font-weight:bold"],"stack":null}
[2026-04-12T22:21:25.989Z] {"timestamp":1776032483093,"level":"DEBUG","args":["[Manus] Debug collector initialized (no rrweb, UI events only)"],"stack":null}
[2026-04-12T22:21:25.989Z] {"timestamp":1776032483095,"level":"INFO","args":["%cDownload the React DevTools for a better development experience: https://react.dev/link/react-devtools","font-weight:bold"],"stack":null}
[2026-04-12T22:21:25.989Z] {"timestamp":1776032483223,"level":"DEBUG","args":["[vite] connected."],"stack":null}
[2026-04-12T22:21:31.958Z] {"timestamp":1776032491364,"level":"LOG","args":["[vite] server connection lost. Polling for restart..."],"stack":null}
[2026-04-12T22:21:31.961Z] {"timestamp":1776032491367,"level":"LOG","args":["[vite] server connection lost. Polling for restart..."],"stack":null}
[2026-04-12T22:21:31.963Z] {"timestamp":1776032491367,"level":"LOG","args":["[vite] server connection lost. Polling for restart..."],"stack":null}
[2026-04-12T22:21:37.546Z] {"timestamp":1776032495516,"level":"DEBUG","args":["[Manus] Debug collector initialized (no rrweb, UI events only)"],"stack":null}
[2026-04-12T22:21:37.546Z] {"timestamp":1776032495730,"level":"DEBUG","args":["[vite] connected."],"stack":null}
[2026-04-12T22:21:37.546Z] {"timestamp":1776032495876,"level":"INFO","args":["%cDownload the React DevTools for a better development experience: https://react.dev/link/react-devtools","font-weight:bold"],"stack":null}
[2026-04-12T22:21:37.934Z] {"timestamp":1776032495458,"level":"DEBUG","args":["[Manus] Debug collector initialized (no rrweb, UI events only)"],"stack":null}
[2026-04-12T22:21:37.934Z] {"timestamp":1776032495844,"level":"DEBUG","args":["[vite] connected."],"stack":null}
[2026-04-12T22:21:37.934Z] {"timestamp":1776032495859,"level":"INFO","args":["%cDownload the React DevTools for a better development experience: https://react.dev/link/react-devtools","font-weight:bold"],"stack":null}
[2026-04-12T22:26:54.542Z] {"timestamp":1776032801431,"level":"LOG","args":["[vite] server connection lost. Polling for restart..."],"stack":null}
[2026-04-12T22:26:54.556Z] {"timestamp":1776032801478,"level":"LOG","args":["[vite] server connection lost. Polling for restart..."],"stack":null}
[2026-04-12T22:27:00.138Z] {"timestamp":1776032818133,"level":"DEBUG","args":["[Manus] Debug collector initialized (no rrweb, UI events only)"],"stack":null}
[2026-04-12T22:27:00.138Z] {"timestamp":1776032818254,"level":"DEBUG","args":["[vite] connected."],"stack":null}
[2026-04-12T22:27:00.138Z] {"timestamp":1776032818362,"level":"INFO","args":["%cDownload the React DevTools for a better development experience: https://react.dev/link/react-devtools","font-weight:bold"],"stack":null}
[2026-04-12T22:27:01.843Z] {"timestamp":1776032818967,"level":"DEBUG","args":["[Manus] Debug collector initialized (no rrweb, UI events only)"],"stack":null}
[2026-04-12T22:27:01.843Z] {"timestamp":1776032818970,"level":"INFO","args":["%cDownload the React DevTools for a better development experience: https://react.dev/link/react-devtools","font-weight:bold"],"stack":null}
[2026-04-12T22:27:01.843Z] {"timestamp":1776032819028,"level":"DEBUG","args":["[vite] connected."],"stack":null}
[2026-04-12T22:28:14.870Z] {"timestamp":1776032892856,"level":"DEBUG","args":["[Manus] Debug collector initialized (no rrweb, UI events only)"],"stack":null}
[2026-04-12T22:28:14.870Z] {"timestamp":1776032892935,"level":"DEBUG","args":["[vite] connected."],"stack":null}
[2026-04-12T22:28:14.870Z] {"timestamp":1776032893084,"level":"INFO","args":["%cDownload the React DevTools for a better development experience: https://react.dev/link/react-devtools","font-weight:bold"],"stack":null}
[2026-04-12T22:28:30.545Z] {"timestamp":1776032910464,"level":"DEBUG","args":["[Manus] Debug collector initialized (no rrweb, UI events only)"],"stack":null}
[2026-04-12T22:28:30.545Z] {"timestamp":1776032910511,"level":"ERROR","args":["[vite] failed to connect to websocket.\nyour current setup:\n  (browser) 192.168.3.15:3000/ <--[HTTP]--> localhost:3000/ (server)\n  (browser) 192.168.3.15:3000/ <--[WebSocket (failing)]--> localhost:3000/ (server)\nCheck out your Vite / network configuration and https://vite.dev/config/server-options.html#server-hmr ."],"stack":"Error\n    at console.error (http://192.168.3.15:3000/__manus__/debug-collector.js:391:37)\n    at Object.connect (http://192.168.3.15:3000/@vite/client:765:16)\n    at async Object.connect (http://192.168.3.15:3000/@vite/client:381:5)"}
[2026-04-12T22:28:30.545Z] {"timestamp":1776032910882,"level":"INFO","args":["%cDownload the React DevTools for a better development experience: https://react.dev/link/react-devtools","font-weight:bold"],"stack":null}
[2026-04-12T22:28:35.816Z] {"timestamp":1776032916687,"level":"DEBUG","args":["[Manus] Debug collector initialized (no rrweb, UI events only)"],"stack":null}
[2026-04-12T22:28:35.816Z] {"timestamp":1776032916713,"level":"ERROR","args":["[vite] failed to connect to websocket.\nyour current setup:\n  (browser) 192.168.3.15:3000/ <--[HTTP]--> localhost:3000/ (server)\n  (browser) 192.168.3.15:3000/ <--[WebSocket (failing)]--> localhost:3000/ (server)\nCheck out your Vite / network configuration and https://vite.dev/config/server-options.html#server-hmr ."],"stack":"Error\n    at console.error (http://192.168.3.15:3000/__manus__/debug-collector.js:391:37)\n    at Object.connect (http://192.168.3.15:3000/@vite/client:765:16)\n    at async Object.connect (http://192.168.3.15:3000/@vite/client:381:5)"}
[2026-04-12T22:28:35.816Z] {"timestamp":1776032916872,"level":"INFO","args":["%cDownload the React DevTools for a better development experience: https://react.dev/link/react-devtools","font-weight:bold"],"stack":null}
[2026-04-12T22:28:37.975Z] {"timestamp":1776032917897,"level":"DEBUG","args":["[Manus] Debug collector initialized (no rrweb, UI events only)"],"stack":null}
[2026-04-12T22:28:37.975Z] {"timestamp":1776032917931,"level":"DEBUG","args":["[vite] connected."],"stack":null}
[2026-04-12T22:28:37.975Z] {"timestamp":1776032918123,"level":"INFO","args":["%cDownload the React DevTools for a better development experience: https://react.dev/link/react-devtools","font-weight:bold"],"stack":null}
[2026-04-12T22:29:52.312Z] {"timestamp":1776032990295,"level":"DEBUG","args":["[Manus] Debug collector initialized (no rrweb, UI events only)"],"stack":null}
[2026-04-12T22:29:52.312Z] {"timestamp":1776032990423,"level":"DEBUG","args":["[vite] connected."],"stack":null}
[2026-04-12T22:29:52.312Z] {"timestamp":1776032990654,"level":"INFO","args":["%cDownload the React DevTools for a better development experience: https://react.dev/link/react-devtools","font-weight:bold"],"stack":null}
[2026-04-12T22:30:59.237Z] {"timestamp":1776033057227,"level":"DEBUG","args":["[Manus] Debug collector initialized (no rrweb, UI events only)"],"stack":null}
[2026-04-12T22:30:59.237Z] {"timestamp":1776033057342,"level":"DEBUG","args":["[vite] connected."],"stack":null}
[2026-04-12T22:30:59.237Z] {"timestamp":1776033057433,"level":"INFO","args":["%cDownload the React DevTools for a better development experience: https://react.dev/link/react-devtools","font-weight:bold"],"stack":null}
[2026-04-12T22:32:05.229Z] {"timestamp":1776033123223,"level":"DEBUG","args":["[Manus] Debug collector initialized (no rrweb, UI events only)"],"stack":null}
[2026-04-12T22:32:05.230Z] {"timestamp":1776033123324,"level":"DEBUG","args":["[vite] connected."],"stack":null}
[2026-04-12T22:32:05.230Z] {"timestamp":1776033123505,"level":"INFO","args":["%cDownload the React DevTools for a better development experience: https://react.dev/link/react-devtools","font-weight:bold"],"stack":null}
[2026-04-13T01:02:22.421Z] {"timestamp":1776042141062,"level":"DEBUG","args":["[vite] css hot updated: /src/index.css"],"stack":null}
[2026-04-13T01:02:22.421Z] {"timestamp":1776042141758,"level":"DEBUG","args":["[vite]","hot updated: /src/index.css"],"stack":null}
[2026-04-13T01:02:23.464Z] {"timestamp":1776042142416,"level":"DEBUG","args":["[vite]","hot updated: /src/index.css"],"stack":null}
[2026-04-13T01:02:23.464Z] {"timestamp":1776042142448,"level":"DEBUG","args":["[vite] css hot updated: /src/index.css"],"stack":null}
[2026-04-13T01:02:38.783Z] {"timestamp":1776042157849,"level":"DEBUG","args":["[vite] css hot updated: /src/index.css"],"stack":null}
[2026-04-13T01:02:38.783Z] {"timestamp":1776042158079,"level":"DEBUG","args":["[vite]","hot updated: /src/components/CharacterSheet.tsx"],"stack":null}
[2026-04-13T01:02:38.783Z] {"timestamp":1776042158079,"level":"DEBUG","args":["[vite]","hot updated: /src/index.css"],"stack":null}
[2026-04-13T01:02:42.871Z] {"timestamp":1776042161481,"level":"DEBUG","args":["[vite] css hot updated: /src/index.css"],"stack":null}
[2026-04-13T01:02:42.871Z] {"timestamp":1776042162371,"level":"DEBUG","args":["[vite]","hot updated: /src/components/CharacterSheet.tsx"],"stack":null}
[2026-04-13T01:02:42.871Z] {"timestamp":1776042162371,"level":"DEBUG","args":["[vite]","hot updated: /src/index.css"],"stack":null}
[2026-04-13T01:02:46.197Z] {"timestamp":1776042158281,"level":"DEBUG","args":["[vite] css hot updated: /src/index.css"],"stack":null}
[2026-04-13T01:02:46.197Z] {"timestamp":1776042158299,"level":"DEBUG","args":["[vite]","hot updated: /src/components/CharacterSheet.tsx"],"stack":null}
[2026-04-13T01:02:46.197Z] {"timestamp":1776042158299,"level":"DEBUG","args":["[vite]","hot updated: /src/index.css"],"stack":null}
[2026-04-13T01:02:47.723Z] {"timestamp":1776042166841,"level":"DEBUG","args":["[vite] css hot updated: /src/index.css"],"stack":null}
[2026-04-13T01:02:50.052Z] {"timestamp":1776042168088,"level":"DEBUG","args":["[vite] css hot updated: /src/index.css"],"stack":null}
[2026-04-13T01:02:50.052Z] {"timestamp":1776042168102,"level":"DEBUG","args":["[vite]","hot updated: /src/components/CharacterSheet.tsx"],"stack":null}
[2026-04-13T01:02:50.052Z] {"timestamp":1776042168103,"level":"DEBUG","args":["[vite]","hot updated: /src/index.css"],"stack":null}
[2026-04-13T01:02:50.052Z] {"timestamp":1776042168202,"level":"DEBUG","args":["[vite] css hot updated: /src/index.css"],"stack":null}
[2026-04-13T01:02:50.052Z] {"timestamp":1776042168218,"level":"DEBUG","args":["[vite]","hot updated: /src/components/CharacterSheet.tsx"],"stack":null}
[2026-04-13T01:02:50.052Z] {"timestamp":1776042168218,"level":"DEBUG","args":["[vite]","hot updated: /src/index.css"],"stack":null}
[2026-04-13T01:02:50.612Z] {"timestamp":1776042168534,"level":"DEBUG","args":["[vite]","hot updated: /src/components/CharacterSheet.tsx"],"stack":null}
[2026-04-13T01:02:50.612Z] {"timestamp":1776042168534,"level":"DEBUG","args":["[vite]","hot updated: /src/index.css"],"stack":null}
[2026-04-13T01:14:35.158Z] {"timestamp":1776042875147,"level":"DEBUG","args":["[vite]","hot updated: /src/components/CharacterSheet.tsx"],"stack":null}
[2026-04-13T01:14:35.158Z] {"timestamp":1776042875147,"level":"DEBUG","args":["[vite]","hot updated: /src/index.css"],"stack":null}
[2026-04-13T01:14:35.158Z] {"timestamp":1776042875147,"level":"DEBUG","args":["[vite] css hot updated: /src/index.css"],"stack":null}
[2026-04-13T01:14:35.193Z] {"timestamp":1776042875150,"level":"DEBUG","args":["[vite]","hot updated: /src/components/CharacterSheet.tsx"],"stack":null}
[2026-04-13T01:14:35.193Z] {"timestamp":1776042875150,"level":"DEBUG","args":["[vite]","hot updated: /src/index.css"],"stack":null}
[2026-04-13T01:14:38.732Z] {"timestamp":1776042875234,"level":"DEBUG","args":["[vite] css hot updated: /src/index.css"],"stack":null}
[2026-04-13T01:16:41.382Z] {"timestamp":1776043002580,"level":"DEBUG","args":["[Manus] Debug collector initialized (no rrweb, UI events only)"],"stack":null}
[2026-04-13T01:16:41.382Z] {"timestamp":1776043002973,"level":"INFO","args":["%cDownload the React DevTools for a better development experience: https://react.dev/link/react-devtools","font-weight:bold"],"stack":null}
[2026-04-13T01:16:41.382Z] {"timestamp":1776043003233,"level":"DEBUG","args":["[vite] connected."],"stack":null}
[2026-04-13T01:21:12.268Z] {"timestamp":1776043273624,"level":"DEBUG","args":["[Manus] Debug collector initialized (no rrweb, UI events only)"],"stack":null}
[2026-04-13T01:21:12.268Z] {"timestamp":1776043273878,"level":"DEBUG","args":["[vite] connected."],"stack":null}
[2026-04-13T01:21:12.268Z] {"timestamp":1776043274183,"level":"INFO","args":["%cDownload the React DevTools for a better development experience: https://react.dev/link/react-devtools","font-weight:bold"],"stack":null}
[2026-04-13T01:23:28.254Z] {"timestamp":1776043411644,"level":"DEBUG","args":["[vite] css hot updated: /src/index.css"],"stack":null}
[2026-04-13T01:23:28.530Z] {"timestamp":1776043408243,"level":"DEBUG","args":["[vite] css hot updated: /src/index.css"],"stack":null}
[2026-04-13T01:23:28.530Z] {"timestamp":1776043408262,"level":"DEBUG","args":["[vite]","hot updated: /src/components/CharacterSheet.tsx"],"stack":null}
[2026-04-13T01:23:28.530Z] {"timestamp":1776043408262,"level":"DEBUG","args":["[vite]","hot updated: /src/index.css"],"stack":null}
[2026-04-13T01:23:29.125Z] {"timestamp":1776043408281,"level":"DEBUG","args":["[vite]","hot updated: /src/components/CharacterSheet.tsx"],"stack":null}
[2026-04-13T01:23:29.125Z] {"timestamp":1776043408281,"level":"DEBUG","args":["[vite]","hot updated: /src/index.css"],"stack":null}
[2026-04-13T01:23:29.125Z] {"timestamp":1776043408284,"level":"DEBUG","args":["[vite] css hot updated: /src/index.css"],"stack":null}
[2026-04-13T01:23:30.251Z] {"timestamp":1776043411709,"level":"DEBUG","args":["[vite]","hot updated: /src/components/CharacterSheet.tsx"],"stack":null}
[2026-04-13T01:23:30.251Z] {"timestamp":1776043411710,"level":"DEBUG","args":["[vite]","hot updated: /src/index.css"],"stack":null}
[2026-04-13T01:23:48.235Z] {"timestamp":1776043431006,"level":"DEBUG","args":["[vite] css hot updated: /src/index.css"],"stack":null}
[2026-04-13T01:23:48.235Z] {"timestamp":1776043431171,"level":"DEBUG","args":["[vite]","hot updated: /src/components/AttributeCircle.tsx"],"stack":null}
[2026-04-13T01:23:48.235Z] {"timestamp":1776043431171,"level":"DEBUG","args":["[vite]","hot updated: /src/index.css"],"stack":null}
[2026-04-13T01:23:49.184Z] {"timestamp":1776043427872,"level":"DEBUG","args":["[vite] css hot updated: /src/index.css"],"stack":null}
[2026-04-13T01:23:49.184Z] {"timestamp":1776043427887,"level":"DEBUG","args":["[vite]","hot updated: /src/components/AttributeCircle.tsx"],"stack":null}
[2026-04-13T01:23:49.184Z] {"timestamp":1776043427887,"level":"DEBUG","args":["[vite]","hot updated: /src/index.css"],"stack":null}
[2026-04-13T01:23:49.934Z] {"timestamp":1776043427839,"level":"DEBUG","args":["[vite] css hot updated: /src/index.css"],"stack":null}
[2026-04-13T01:23:49.934Z] {"timestamp":1776043427900,"level":"DEBUG","args":["[vite]","hot updated: /src/components/AttributeCircle.tsx"],"stack":null}
[2026-04-13T01:23:49.934Z] {"timestamp":1776043427900,"level":"DEBUG","args":["[vite]","hot updated: /src/index.css"],"stack":null}
[2026-04-13T01:24:18.214Z] {"timestamp":1776043457755,"level":"DEBUG","args":["[vite] css hot updated: /src/index.css"],"stack":null}
[2026-04-13T01:24:18.214Z] {"timestamp":1776043457798,"level":"DEBUG","args":["[vite]","hot updated: /src/components/CharacterSheet.tsx"],"stack":null}
[2026-04-13T01:24:18.214Z] {"timestamp":1776043457799,"level":"DEBUG","args":["[vite]","hot updated: /src/index.css"],"stack":null}
[2026-04-13T01:24:18.227Z] {"timestamp":1776043460902,"level":"DEBUG","args":["[vite] css hot updated: /src/index.css"],"stack":null}
[2026-04-13T01:24:18.227Z] {"timestamp":1776043461017,"level":"DEBUG","args":["[vite]","hot updated: /src/components/CharacterSheet.tsx"],"stack":null}
[2026-04-13T01:24:18.227Z] {"timestamp":1776043461017,"level":"DEBUG","args":["[vite]","hot updated: /src/index.css"],"stack":null}
[2026-04-13T01:24:19.331Z] {"timestamp":1776043457344,"level":"DEBUG","args":["[vite] css hot updated: /src/index.css"],"stack":null}
[2026-04-13T01:24:19.331Z] {"timestamp":1776043457566,"level":"DEBUG","args":["[vite]","hot updated: /src/components/CharacterSheet.tsx"],"stack":null}
[2026-04-13T01:24:19.331Z] {"timestamp":1776043457566,"level":"DEBUG","args":["[vite]","hot updated: /src/index.css"],"stack":null}
[2026-04-13T01:31:19.272Z] {"timestamp":1776043879252,"level":"DEBUG","args":["[vite]","hot updated: /src/App.tsx"],"stack":null}
[2026-04-13T01:31:19.272Z] {"timestamp":1776043879252,"level":"DEBUG","args":["[vite]","hot updated: /src/index.css"],"stack":null}
[2026-04-13T01:31:19.272Z] {"timestamp":1776043879263,"level":"DEBUG","args":["[vite] css hot updated: /src/index.css"],"stack":null}
[2026-04-13T01:31:19.471Z] {"timestamp":1776043878366,"level":"DEBUG","args":["[vite] css hot updated: /src/index.css"],"stack":null}
[2026-04-13T01:31:19.471Z] {"timestamp":1776043878584,"level":"DEBUG","args":["[vite]","hot updated: /src/App.tsx"],"stack":null}
[2026-04-13T01:31:19.471Z] {"timestamp":1776043878584,"level":"DEBUG","args":["[vite]","hot updated: /src/index.css"],"stack":null}
[2026-04-13T01:31:21.501Z] {"timestamp":1776043881068,"level":"DEBUG","args":["[vite] css hot updated: /src/index.css"],"stack":null}
[2026-04-13T01:31:21.501Z] {"timestamp":1776043881283,"level":"DEBUG","args":["[vite]","hot updated: /src/App.tsx"],"stack":null}
[2026-04-13T01:31:21.501Z] {"timestamp":1776043881283,"level":"DEBUG","args":["[vite]","hot updated: /src/index.css"],"stack":null}
[2026-04-13T01:31:22.660Z] {"timestamp":1776043881649,"level":"DEBUG","args":["[vite]","hot updated: /src/App.tsx"],"stack":null}
[2026-04-13T01:31:22.660Z] {"timestamp":1776043881649,"level":"DEBUG","args":["[vite]","hot updated: /src/index.css"],"stack":null}
[2026-04-13T01:31:22.660Z] {"timestamp":1776043881657,"level":"DEBUG","args":["[vite] css hot updated: /src/index.css"],"stack":null}
[2026-04-13T01:31:45.727Z] {"timestamp":1776043904915,"level":"DEBUG","args":["[vite] css hot updated: /src/index.css"],"stack":null}
[2026-04-13T01:31:45.727Z] {"timestamp":1776043905063,"level":"ERROR","args":["[vite]",{"type":"Error","message":"error loading dynamically imported module: http://localhost:3000/src/pages/Home.tsx?t=1776043904400","stack":""}],"stack":"console[method]@http://localhost:3000/__manus__/debug-collector.js:391:37\nerror@http://localhost:3000/@vite/client:809:26\nwarnFailedUpdate@http://localhost:3000/@vite/client:180:78\nfetchUpdate@http://localhost:3000/@vite/client:212:10\n"}
[2026-04-13T01:31:45.727Z] {"timestamp":1776043905065,"level":"ERROR","args":["[vite]","Failed to reload /src/pages/Home.tsx. This could be due to syntax errors or importing non-existent modules. (see errors above)"],"stack":"console[method]@http://localhost:3000/__manus__/debug-collector.js:391:37\nerror@http://localhost:3000/@vite/client:809:26\nwarnFailedUpdate@http://localhost:3000/@vite/client:181:15\nfetchUpdate@http://localhost:3000/@vite/client:212:10\n"}
[2026-04-13T01:31:45.727Z] {"timestamp":1776043905345,"level":"DEBUG","args":["[vite]","hot updated: /src/pages/Home.tsx"],"stack":null}
[2026-04-13T01:31:45.727Z] {"timestamp":1776043905345,"level":"DEBUG","args":["[vite]","hot updated: /src/index.css"],"stack":null}
[2026-04-13T01:31:46.014Z] {"timestamp":1776043905947,"level":"ERROR","args":["[vite]",{"type":"Error","message":"error loading dynamically imported module: http://localhost:3000/src/pages/Home.tsx?t=1776043904400","stack":""}],"stack":"console[method]@http://localhost:3000/__manus__/debug-collector.js:391:37\nerror@http://localhost:3000/@vite/client:809:26\nwarnFailedUpdate@http://localhost:3000/@vite/client:180:78\nfetchUpdate@http://localhost:3000/@vite/client:212:10\n"}
[2026-04-13T01:31:46.014Z] {"timestamp":1776043905949,"level":"ERROR","args":["[vite]","Failed to reload /src/pages/Home.tsx. This could be due to syntax errors or importing non-existent modules. (see errors above)"],"stack":"console[method]@http://localhost:3000/__manus__/debug-collector.js:391:37\nerror@http://localhost:3000/@vite/client:809:26\nwarnFailedUpdate@http://localhost:3000/@vite/client:181:15\nfetchUpdate@http://localhost:3000/@vite/client:212:10\n"}
[2026-04-13T01:31:46.014Z] {"timestamp":1776043905981,"level":"DEBUG","args":["[vite]","hot updated: /src/pages/Home.tsx"],"stack":null}
[2026-04-13T01:31:46.014Z] {"timestamp":1776043905981,"level":"DEBUG","args":["[vite]","hot updated: /src/index.css"],"stack":null}
[2026-04-13T01:31:46.014Z] {"timestamp":1776043905982,"level":"DEBUG","args":["[vite] css hot updated: /src/index.css"],"stack":null}
[2026-04-13T01:32:24.970Z] {"timestamp":1776043944931,"level":"ERROR","args":["[vite]",{"type":"Error","message":"The requested module 'http://localhost:3000/src/components/Header.tsx' doesn't provide an export named: 'Header'","stack":""}],"stack":"console[method]@http://localhost:3000/__manus__/debug-collector.js:391:37\nerror@http://localhost:3000/@vite/client:809:26\nwarnFailedUpdate@http://localhost:3000/@vite/client:180:78\nfetchUpdate@http://localhost:3000/@vite/client:212:10\n"}
[2026-04-13T01:32:24.970Z] {"timestamp":1776043944932,"level":"ERROR","args":["[vite]","Failed to reload /src/App.tsx. This could be due to syntax errors or importing non-existent modules. (see errors above)"],"stack":"console[method]@http://localhost:3000/__manus__/debug-collector.js:391:37\nerror@http://localhost:3000/@vite/client:809:26\nwarnFailedUpdate@http://localhost:3000/@vite/client:181:15\nfetchUpdate@http://localhost:3000/@vite/client:212:10\n"}
[2026-04-13T01:32:24.970Z] {"timestamp":1776043944932,"level":"DEBUG","args":["[vite]","hot updated: /src/App.tsx"],"stack":null}
[2026-04-13T01:32:26.048Z] {"timestamp":1776043944574,"level":"ERROR","args":["[vite]",{"type":"Error","message":"The requested module 'http://localhost:3000/src/components/Header.tsx' doesn't provide an export named: 'Header'","stack":""}],"stack":"console[method]@http://localhost:3000/__manus__/debug-collector.js:391:37\nerror@http://localhost:3000/@vite/client:809:26\nwarnFailedUpdate@http://localhost:3000/@vite/client:180:78\nfetchUpdate@http://localhost:3000/@vite/client:212:10\n"}
[2026-04-13T01:32:26.048Z] {"timestamp":1776043944574,"level":"ERROR","args":["[vite]","Failed to reload /src/App.tsx. This could be due to syntax errors or importing non-existent modules. (see errors above)"],"stack":"console[method]@http://localhost:3000/__manus__/debug-collector.js:391:37\nerror@http://localhost:3000/@vite/client:809:26\nwarnFailedUpdate@http://localhost:3000/@vite/client:181:15\nfetchUpdate@http://localhost:3000/@vite/client:212:10\n"}
[2026-04-13T01:32:26.048Z] {"timestamp":1776043944575,"level":"DEBUG","args":["[vite]","hot updated: /src/App.tsx"],"stack":null}
[2026-04-13T01:32:28.066Z] {"timestamp":1776043947510,"level":"DEBUG","args":["[vite]","hot updated: /src/pages/Home.tsx"],"stack":null}
[2026-04-13T01:32:30.038Z] {"timestamp":1776043947524,"level":"DEBUG","args":["[vite]","hot updated: /src/pages/Home.tsx"],"stack":null}
[2026-04-13T01:33:46.342Z] {"timestamp":1776044025155,"level":"DEBUG","args":["[vite]","hot updated: /src/pages/Home.tsx"],"stack":null}
[2026-04-13T01:33:46.342Z] {"timestamp":1776044025155,"level":"DEBUG","args":["[vite]","hot updated: /src/index.css"],"stack":null}
[2026-04-13T01:33:46.342Z] {"timestamp":1776044025170,"level":"DEBUG","args":["[vite] css hot updated: /src/index.css"],"stack":null}
[2026-04-13T01:33:46.539Z] {"timestamp":1776044025003,"level":"DEBUG","args":["[vite] css hot updated: /src/index.css"],"stack":null}
[2026-04-13T01:33:46.539Z] {"timestamp":1776044025135,"level":"DEBUG","args":["[vite]","hot updated: /src/pages/Home.tsx"],"stack":null}
[2026-04-13T01:33:46.539Z] {"timestamp":1776044025135,"level":"DEBUG","args":["[vite]","hot updated: /src/index.css"],"stack":null}
[2026-04-13T01:33:54.062Z] {"timestamp":1776044033968,"level":"DEBUG","args":["[vite] css hot updated: /src/index.css"],"stack":null}
[2026-04-13T01:33:54.062Z] {"timestamp":1776044034012,"level":"DEBUG","args":["[vite]","hot updated: /src/pages/Home.tsx"],"stack":null}
[2026-04-13T01:33:54.062Z] {"timestamp":1776044034012,"level":"DEBUG","args":["[vite]","hot updated: /src/index.css"],"stack":null}
[2026-04-13T01:33:54.821Z] {"timestamp":1776044033615,"level":"DEBUG","args":["[vite] css hot updated: /src/index.css"],"stack":null}
[2026-04-13T01:33:54.821Z] {"timestamp":1776044033843,"level":"DEBUG","args":["[vite]","hot updated: /src/pages/Home.tsx"],"stack":null}
[2026-04-13T01:33:54.821Z] {"timestamp":1776044033843,"level":"DEBUG","args":["[vite]","hot updated: /src/index.css"],"stack":null}
[2026-04-13T01:33:56.488Z] {"timestamp":1776044036480,"level":"DEBUG","args":["[vite] css hot updated: /src/index.css"],"stack":null}
[2026-04-13T01:33:56.488Z] {"timestamp":1776044036481,"level":"DEBUG","args":["[vite]","hot updated: /src/pages/Home.tsx"],"stack":null}
[2026-04-13T01:33:56.488Z] {"timestamp":1776044036481,"level":"DEBUG","args":["[vite]","hot updated: /src/index.css"],"stack":null}
[2026-04-13T01:33:56.864Z] {"timestamp":1776044036213,"level":"DEBUG","args":["[vite] css hot updated: /src/index.css"],"stack":null}
[2026-04-13T01:33:56.864Z] {"timestamp":1776044036405,"level":"DEBUG","args":["[vite]","hot updated: /src/pages/Home.tsx"],"stack":null}
[2026-04-13T01:33:56.864Z] {"timestamp":1776044036405,"level":"DEBUG","args":["[vite]","hot updated: /src/index.css"],"stack":null}
[2026-04-13T01:40:27.992Z] {"timestamp":1776044427966,"level":"DEBUG","args":["[vite] css hot updated: /src/index.css"],"stack":null}
[2026-04-13T01:40:27.992Z] {"timestamp":1776044427983,"level":"DEBUG","args":["[vite]","hot updated: /src/components/CharacterSheet.tsx"],"stack":null}
[2026-04-13T01:40:27.992Z] {"timestamp":1776044427983,"level":"DEBUG","args":["[vite]","hot updated: /src/index.css"],"stack":null}
[2026-04-13T01:40:29.214Z] {"timestamp":1776044427590,"level":"DEBUG","args":["[vite] css hot updated: /src/index.css"],"stack":null}
[2026-04-13T01:40:29.214Z] {"timestamp":1776044427818,"level":"DEBUG","args":["[vite]","hot updated: /src/components/CharacterSheet.tsx"],"stack":null}
[2026-04-13T01:40:29.214Z] {"timestamp":1776044427818,"level":"DEBUG","args":["[vite]","hot updated: /src/index.css"],"stack":null}
[2026-04-13T01:44:35.062Z] {"timestamp":1776044674029,"level":"DEBUG","args":["[vite] css hot updated: /src/index.css"],"stack":null}
[2026-04-13T01:44:35.062Z] {"timestamp":1776044674037,"level":"DEBUG","args":["[vite]","hot updated: /src/index.css"],"stack":null}
[2026-04-13T01:44:35.499Z] {"timestamp":1776044673882,"level":"DEBUG","args":["[vite] css hot updated: /src/index.css"],"stack":null}
[2026-04-13T01:44:35.499Z] {"timestamp":1776044674032,"level":"DEBUG","args":["[vite]","hot updated: /src/index.css"],"stack":null}
